fA.vo fA.glob fA.v.beautified fA.required_vo: fA.v @COQWORKER@
fB.vo fB.glob fB.v.beautified fB.required_vo: fB.v @COQWORKER@ fA.vo
fC.vo fC.glob fC.v.beautified fC.required_vo: fC.v @COQWORKER@ fB.vo
fD.vo fD.glob fD.v.beautified fD.required_vo: fD.v @COQWORKER@ fA.vo
fE.vo fE.glob fE.v.beautified fE.required_vo: fE.v @COQWORKER@ fA.vo
fF.vo fF.glob fF.v.beautified fF.required_vo: fF.v @COQWORKER@ fA.vo
fG.vo fG.glob fG.v.beautified fG.required_vo: fG.v @COQWORKER@ fA.vo
